
> eidos-sentinel-lab@0.2.0 build
> next build

▲ Next.js 16.3.4 (Turbopack)
✓ Running next.config.ts took 3.8s

  Creating an optimized production build ...
✓ Compiled successfully in 107s
  Running TypeScript ...
  Finished TypeScript in 30.8s ...
  Collecting page data using 7 workers ...
  Generating static pages using 7 workers (0/7) ...
  Generating static pages using 7 workers (1/7) 
  Generating static pages using 7 workers (3/7) 
  Generating static pages using 7 workers (5/7) 
✓ Generating static pages using 7 workers (7/7) in 2.4s
  Finalizing page optimization ...

Route (app)
┌ ○ /
├ ○ /_not-found
├ ƒ /api/datasets
├ ƒ /api/experiments
├ ƒ /api/experiments/[jobId]
├ ƒ /api/experiments/[jobId]/artifacts/[artifactName]
├ ƒ /api/experiments/preflight
├ ƒ /api/smoke
└ ƒ /api/works/v1/[...path]


○  (Static)   prerendered as static content
ƒ  (Dynamic)  server-rendered on demand

